// Jest Snapshot v1, https://goo.gl/fbAQLP

exports[`InsightsService averageTimesByWeekDay 1`] = `
[
  {
    "Average_Help_Time": "5.00",
    "Average_Wait_Time": "10.00",
    "Total_Time": "15.00",
    "weekday": "Monday",
    "weekdayN": 1,
  },
  {
    "Average_Help_Time": "5.00",
    "Average_Wait_Time": "20.00",
    "Total_Time": "25.00",
    "weekday": "Tuesday",
    "weekdayN": 2,
  },
  {
    "Average_Help_Time": "5.00",
    "Average_Wait_Time": "30.00",
    "Total_Time": "35.00",
    "weekday": "Wednesday",
    "weekdayN": 3,
  },
  {
    "Average_Help_Time": "5.00",
    "Average_Wait_Time": "40.00",
    "Total_Time": "45.00",
    "weekday": "Thursday",
    "weekdayN": 4,
  },
  {
    "Average_Help_Time": "5.00",
    "Average_Wait_Time": "50.00",
    "Total_Time": "55.00",
    "weekday": "Friday",
    "weekdayN": 5,
  },
]
`;

exports[`InsightsService helpSeekingOverTime 1`] = `
[
  {
    "Async_Questions": 1,
    "Chatbot_Interactions": 1,
    "Questions": 1,
    "date": 1725174000000,
  },
  {
    "Async_Questions": 1,
    "Chatbot_Interactions": 1,
    "Questions": 1,
    "date": 1725260400000,
  },
  {
    "Async_Questions": 1,
    "Chatbot_Interactions": 1,
    "Questions": 1,
    "date": 1725346800000,
  },
  {
    "Async_Questions": 1,
    "Chatbot_Interactions": 1,
    "Questions": 1,
    "date": 1725433200000,
  },
  {
    "Async_Questions": 1,
    "Chatbot_Interactions": 1,
    "Questions": 1,
    "date": 1725519600000,
  },
  {
    "Async_Questions": 1,
    "Chatbot_Interactions": 1,
    "Questions": 1,
    "date": 1725606000000,
  },
  {
    "Async_Questions": 1,
    "Chatbot_Interactions": 1,
    "Questions": 1,
    "date": 1725692400000,
  },
  {
    "Async_Questions": 1,
    "Chatbot_Interactions": 1,
    "Questions": 1,
    "date": 1725778800000,
  },
  {
    "Async_Questions": 1,
    "Chatbot_Interactions": 1,
    "Questions": 1,
    "date": 1725865200000,
  },
  {
    "Async_Questions": 1,
    "Chatbot_Interactions": 1,
    "Questions": 1,
    "date": 1725951600000,
  },
  {
    "Async_Questions": 1,
    "Chatbot_Interactions": 1,
    "Questions": 1,
    "date": 1726038000000,
  },
  {
    "Async_Questions": 1,
    "Chatbot_Interactions": 1,
    "Questions": 1,
    "date": 1726124400000,
  },
  {
    "Async_Questions": 1,
    "Chatbot_Interactions": 1,
    "Questions": 1,
    "date": 1726210800000,
  },
  {
    "Async_Questions": 1,
    "Chatbot_Interactions": 1,
    "Questions": 1,
    "date": 1726297200000,
  },
  {
    "Async_Questions": 1,
    "Chatbot_Interactions": 1,
    "Questions": 1,
    "date": 1726383600000,
  },
  {
    "Async_Questions": 1,
    "Chatbot_Interactions": 1,
    "Questions": 1,
    "date": 1726470000000,
  },
  {
    "Async_Questions": 1,
    "Chatbot_Interactions": 1,
    "Questions": 1,
    "date": 1726556400000,
  },
  {
    "Async_Questions": 1,
    "Chatbot_Interactions": 1,
    "Questions": 1,
    "date": 1726642800000,
  },
  {
    "Async_Questions": 1,
    "Chatbot_Interactions": 1,
    "Questions": 1,
    "date": 1726729200000,
  },
  {
    "Async_Questions": 1,
    "Chatbot_Interactions": 1,
    "Questions": 1,
    "date": 1726815600000,
  },
  {
    "Async_Questions": 1,
    "Chatbot_Interactions": 1,
    "Questions": 1,
    "date": 1726902000000,
  },
  {
    "Async_Questions": 1,
    "Chatbot_Interactions": 1,
    "Questions": 1,
    "date": 1726988400000,
  },
  {
    "Async_Questions": 1,
    "Chatbot_Interactions": 1,
    "Questions": 1,
    "date": 1727074800000,
  },
  {
    "Async_Questions": 1,
    "Chatbot_Interactions": 1,
    "Questions": 1,
    "date": 1727161200000,
  },
  {
    "Async_Questions": 1,
    "Chatbot_Interactions": 1,
    "Questions": 1,
    "date": 1727247600000,
  },
  {
    "Async_Questions": 1,
    "Chatbot_Interactions": 1,
    "Questions": 1,
    "date": 1727334000000,
  },
  {
    "Async_Questions": 1,
    "Chatbot_Interactions": 1,
    "Questions": 1,
    "date": 1727420400000,
  },
  {
    "Async_Questions": 1,
    "Chatbot_Interactions": 1,
    "Questions": 1,
    "date": 1727506800000,
  },
  {
    "Async_Questions": 1,
    "Chatbot_Interactions": 1,
    "Questions": 1,
    "date": 1727593200000,
  },
  {
    "Async_Questions": 1,
    "Chatbot_Interactions": 1,
    "Questions": 1,
    "date": 1727679600000,
  },
]
`;

exports[`InsightsService mostActiveTimes 1`] = `
[
  {
    "Amount": 1,
    "Weekday": 1,
    "time": 495,
  },
  {
    "Amount": 1,
    "Weekday": 1,
    "time": 555,
  },
  {
    "Amount": 1,
    "Weekday": 1,
    "time": 615,
  },
  {
    "Amount": 1,
    "Weekday": 1,
    "time": 675,
  },
  {
    "Amount": 1,
    "Weekday": 1,
    "time": 735,
  },
  {
    "Amount": 1,
    "Weekday": 1,
    "time": 795,
  },
  {
    "Amount": 1,
    "Weekday": 1,
    "time": 855,
  },
  {
    "Amount": 1,
    "Weekday": 1,
    "time": 915,
  },
  {
    "Amount": 1,
    "Weekday": 1,
    "time": 975,
  },
  {
    "Amount": 1,
    "Weekday": 1,
    "time": 1035,
  },
  {
    "Amount": 1,
    "Weekday": 1,
    "time": 1095,
  },
  {
    "Amount": 1,
    "Weekday": 1,
    "time": 1155,
  },
  {
    "Amount": 1,
    "Weekday": 1,
    "time": 1215,
  },
]
`;

exports[`InsightsService staffEfficiency 1`] = `
[
  {
    "Average_Help_Time": "420.84",
    "Average_Wait_Time": "420.84",
    "Total_Time": "841.68",
    "staffMember": "User Person",
  },
  {
    "Average_Help_Time": "420.84",
    "Average_Wait_Time": "420.84",
    "Total_Time": "841.68",
    "staffMember": "User Person",
  },
  {
    "Average_Help_Time": "420.84",
    "Average_Wait_Time": "420.84",
    "Total_Time": "841.68",
    "staffMember": "User Person",
  },
  {
    "Average_Help_Time": "420.84",
    "Average_Wait_Time": "420.84",
    "Total_Time": "841.68",
    "staffMember": "User Person",
  },
]
`;

exports[`InsightsService staffTotalHelped 1`] = `
[
  {
    "Async_Questions_Helped": "0",
    "Questions_Helped": "25",
    "Total_Helped": 25,
    "staffMember": "User Person",
  },
  {
    "Async_Questions_Helped": "0",
    "Questions_Helped": "25",
    "Total_Helped": 25,
    "staffMember": "User Person",
  },
  {
    "Async_Questions_Helped": "0",
    "Questions_Helped": "25",
    "Total_Helped": 25,
    "staffMember": "User Person",
  },
  {
    "Async_Questions_Helped": "0",
    "Questions_Helped": "25",
    "Total_Helped": 25,
    "staffMember": "User Person",
  },
]
`;

exports[`InsightsService staffWorkload 1`] = `
[
  {
    "Amount": 25,
    "Staff_Member": "User Person",
    "time": 750,
  },
  {
    "Amount": 25,
    "Staff_Member": "User Person",
    "time": 750,
  },
  {
    "Amount": 25,
    "Staff_Member": "User Person",
    "time": 750,
  },
  {
    "Amount": 25,
    "Staff_Member": "User Person",
    "time": 750,
  },
]
`;
