// Jest Snapshot v1, https://goo.gl/fbAQLP

exports[`Queue Integration GET /queues/:id returns 401 when not logged in 1`] = `
{
  "error": "Unauthorized",
  "message": "Must be logged in",
  "statusCode": 401,
}
`;

exports[`Queue Integration GET /queues/:id/questions returns questions in the queue 1`] = `
{
  "groups": [],
  "priorityQueue": [],
  "questions": [],
  "questionsGettingHelp": [
    {
      "closedAt": null,
      "createdAt": "2025-01-23T19:19:35.539Z",
      "creator": {
        "id": 1,
      },
      "groupable": false,
      "helpTime": 0,
      "helpedAt": "2025-01-23T19:20:25.138Z",
      "id": 7,
      "isTaskQuestion": false,
      "lastReadyAt": "2025-01-23T19:20:18.924Z",
      "location": "Online",
      "questionTypes": [],
      "status": "Helping",
      "taHelped": {
        "id": 5,
        "photoURL": null,
      },
      "text": "hello this is studentOne",
      "waitTime": 6,
    },
  ],
  "unresolvedAlerts": [],
  "yourQuestions": [],
}
`;
